{"data":[{"name":"ITJOR20211101","startingDate":"2021-11-01T00:00:00.000000Z","endingDate":"2021-11-09T00:00:00.000000Z","price":1999},{"name":"ITJOR20211112","startingDate":"2021-11-12T00:00:00.000000Z","endingDate":"2021-11-20T00:00:00.000000Z","price":1899},{"name":"ITJOR20211125","startingDate":"2021-11-25T00:00:00.000000Z","endingDate":"2021-12-03T00:00:00.000000Z","price":2149}],"links":{"first":"http:\/\/tour-travels.test\/api\/travel\/jordan-360\/tour?page%5Bnumber%5D=1","last":"http:\/\/tour-travels.test\/api\/travel\/jordan-360\/tour?page%5Bnumber%5D=1","prev":null,"next":null},"meta":{"current_page":1,"from":1,"last_page":1,"links":[{"url":null,"label":"&laquo; Previous","active":false},{"url":"http:\/\/tour-travels.test\/api\/travel\/jordan-360\/tour?page%5Bnumber%5D=1","label":"1","active":true},{"url":null,"label":"Next &raquo;","active":false}],"path":"http:\/\/tour-travels.test\/api\/travel\/jordan-360\/tour","per_page":30,"to":3,"total":3}}